
/* Generic Signature Changes */

/* RawRepresentable Changes */

/* Removed Decls */
Protocol ArrayProtocol has been removed

/* Moved Decls */

/* Renamed Decls */

/* Type Changes */

/* Decl Attribute changes */

/* Protocol Requirement Changes */
Struct Array has removed conformance to ArrayProtocol
Struct ArraySlice has removed conformance to ArrayProtocol
Struct ContiguousArray has removed conformance to ArrayProtocol
